---PROJECT START---

[106;30m TIP OF THE DAY                                                              [0m
[106;30m DDEV has support for many database browsers. See them all at                [0m
[106;30m https://docs.ddev.com/en/stable/users/usage/database-management/#database-g [0m
[106;30m uis                                                                         [0m


[102;30m ❤️ DDEV SPONSORSHIP STATUS                                                  [0m
[102;30m WOW, you have helped us regain so much ground! We're up to 72% of our       [0m
[102;30m $12000/month goal ($8665). Read about the situation at                      [0m
[102;30m https://ddev.com/blog/upsun-thank-you-new-sponsors-needed 🚀                [0m

Starting mike...
[31mFailed to RunSimpleContainer to inspect database version/type: failed to StartContainer: Error response from daemon: failed to set up container networking: failed to create endpoint GetExistingDBType-mike-uhibAQ on network bridge: failed to add the host (vethbec418c) <=> sandbox (veth8e1244f) pair interfaces: operation not supported, output=[0m
---PROJECT STATUS---
┌────────────────────────────────────────────────────────────────────────────────────┐
│ Project: mike ~/Library/Projects/personal/mike.padiernos.me https://mike.ddev.site │
│ Docker platform: linux-docker                                                      │
│ Router: traefik                                                                    │
│ DDEV version: v1.25.1                                                              │
├──────────────┬─────────┬──────────────────────────────────────┬────────────────────┤
│ SERVICE      │ STAT    │ URL/PORT                             │ INFO               │
├──────────────┼─────────┼──────────────────────────────────────┼────────────────────┤
│ web          │ [31mexited[0m  │ https://mike.ddev.site               │ drupal11 PHP 8.4   │
│              │         │ InDocker:                            │ Server: nginx-fpm  │
│              │         │  - web:80                            │ Docroot: 'web'     │
│              │         │  - web:443                           │ Perf mode: none    │
│              │         │  - web:8025                          │ Node.js: 24        │
├──────────────┼─────────┼──────────────────────────────────────┼────────────────────┤
│ db           │ [31mexited[0m  │ InDocker:                            │ mariadb:11.8       │
│              │         │  - db:3306                           │ User/Pass: 'db/db' │
│              │         │                                      │ or 'root/root'     │
├──────────────┼─────────┼──────────────────────────────────────┼────────────────────┤
│ xhgui        │ [31mstopped[0m │ https://mike.ddev.site:8142          │                    │
│              │         │ InDocker:                            │                    │
│              │         │  - xhgui:80                          │                    │
│              │         │ Launch: ddev xhgui                   │                    │
├──────────────┼─────────┼──────────────────────────────────────┼────────────────────┤
│ Mailpit      │         │ Mailpit: https://mike.ddev.site:8026 │                    │
│              │         │ Launch: ddev mailpit                 │                    │
├──────────────┼─────────┼──────────────────────────────────────┼────────────────────┤
│ Project URLs │         │ https://mike.ddev.site,              │                    │
│              │         │ http://mike.ddev.site                │                    │
├──────────────┼─────────┼──────────────────────────────────────┼────────────────────┤
│ Router       │ [31mexited[0m  │ The router is not healthy, your      │                    │
│              │         │ projects may not be accessible,      │                    │
│              │         │ if it doesn't become healthy,        │                    │
│              │         │ run 'ddev poweroff && ddev           │                    │
│              │         │ start' on a project to recreate      │                    │
│              │         │ it.                                  │                    │
└──────────────┴─────────┴──────────────────────────────────────┴────────────────────┘

---DRUSH CHECK---
[31mFailed to execute command `command -v drush >/dev/null 2>&1`: service web has exited; state=exited[0m
DRUSH_IN_CONTAINER=no
