STEP: ddev start
Starting mike...
[31mFailed to RunSimpleContainer to inspect database version/type: failed to StartContainer: Error response from daemon: failed to set up container networking: failed to create endpoint GetExistingDBType-mike-ybNwpP on network bridge: failed to add the host (vethfae424e) <=> sandbox (veth48f72ab) pair interfaces: operation not supported, output=[0m
EXIT_START=1
STEP: ddev describe
┌────────────────────────────────────────────────────────────────────────────────────┐
│ Project: mike ~/Library/Projects/personal/mike.padiernos.me https://mike.ddev.site │
│ Docker platform: linux-docker                                                      │
│ Router: traefik                                                                    │
│ DDEV version: v1.25.1                                                              │
├──────────────┬─────────┬──────────────────────────────────────┬────────────────────┤
│ SERVICE      │ STAT    │ URL/PORT                             │ INFO               │
├──────────────┼─────────┼──────────────────────────────────────┼────────────────────┤
│ web          │ [31mexited[0m  │ https://mike.ddev.site               │ drupal11 PHP 8.4   │
│              │         │ InDocker:                            │ Server: nginx-fpm  │
│              │         │  - web:80                            │ Docroot: 'web'     │
│              │         │  - web:443                           │ Perf mode: none    │
│              │         │  - web:8025                          │ Node.js: 24        │
├──────────────┼─────────┼──────────────────────────────────────┼────────────────────┤
│ db           │ [31mexited[0m  │ InDocker:                            │ mariadb:11.8       │
│              │         │  - db:3306                           │ User/Pass: 'db/db' │
│              │         │                                      │ or 'root/root'     │
├──────────────┼─────────┼──────────────────────────────────────┼────────────────────┤
│ xhgui        │ [31mstopped[0m │ https://mike.ddev.site:8142          │                    │
│              │         │ InDocker:                            │                    │
│              │         │  - xhgui:80                          │                    │
│              │         │ Launch: ddev xhgui                   │                    │
├──────────────┼─────────┼──────────────────────────────────────┼────────────────────┤
│ Mailpit      │         │ Mailpit: https://mike.ddev.site:8026 │                    │
│              │         │ Launch: ddev mailpit                 │                    │
├──────────────┼─────────┼──────────────────────────────────────┼────────────────────┤
│ Project URLs │         │ https://mike.ddev.site,              │                    │
│              │         │ http://mike.ddev.site                │                    │
├──────────────┼─────────┼──────────────────────────────────────┼────────────────────┤
│ Router       │ [31mexited[0m  │ The router is not healthy, your      │                    │
│              │         │ projects may not be accessible,      │                    │
│              │         │ if it doesn't become healthy,        │                    │
│              │         │ run 'ddev poweroff && ddev           │                    │
│              │         │ start' on a project to recreate      │                    │
│              │         │ it.                                  │                    │
└──────────────┴─────────┴──────────────────────────────────────┴────────────────────┘

EXIT_DESCRIBE=0
STEP: drush command -v
[31mFailed to execute command `command -v drush`: service web has exited; state=exited[0m
EXIT_WHICH=1
STEP: drush --version
[31mFailed to execute command `drush --version`: service web has exited; state=exited[0m
EXIT_DRUSH_VER=1
STEP: run script
[30;42mDRUSH[0m is [32minstalled[0m
EXIT_SCRIPT=0
